../Core/Src/cmdHandle.c:28:5:_write	24	static
../Core/Src/cmdHandle.c:48:5:cmd_torque	24	static
../Core/Src/cmdHandle.c:65:5:cmd_pump	24	static
../Core/Src/cmdHandle.c:81:5:cmd_conveyorBelt	24	static
../Core/Src/cmdHandle.c:102:5:cmd_pick	24	static
../Core/Src/cmdHandle.c:111:5:cmd_throw	24	static
../Core/Src/cmdHandle.c:126:5:cmd_defaultPos	24	static
../Core/Src/cmdHandle.c:132:5:cmd_moveTo	40	static
../Core/Src/cmdHandle.c:163:5:cmd_read	24	static
../Core/Src/cmdHandle.c:169:5:cmd_handler	32	static
../Core/Src/cmdHandle.c:197:6:upEndEffector	16	static
../Core/Src/cmdHandle.c:211:6:downEndEffector	16	static
../Core/Src/cmdHandle.c:223:6:torqueOn	8	static
../Core/Src/cmdHandle.c:226:6:torqueOff	8	static
../Core/Src/cmdHandle.c:230:6:pumpOn	8	static
../Core/Src/cmdHandle.c:234:6:pumpOff	8	static
../Core/Src/cmdHandle.c:238:6:cvbeltTurnRight	8	static
../Core/Src/cmdHandle.c:243:6:cvbeltTurnLeft	8	static
../Core/Src/cmdHandle.c:248:6:cvbeltStop	8	static
../Core/Src/cmdHandle.c:252:6:deltaInit	8	static
