../Core/Src/cmdHandle.c:27:5:_write	24	static
../Core/Src/cmdHandle.c:47:5:cmd_torque	16	static
../Core/Src/cmdHandle.c:64:5:cdm_pump	16	static
../Core/Src/cmdHandle.c:80:5:cmd_conveyorBelt	16	static
../Core/Src/cmdHandle.c:101:5:cmd_pick	16	static
../Core/Src/cmdHandle.c:110:5:cmd_throw	16	static
../Core/Src/cmdHandle.c:116:5:cmd_defaultPos	16	static
../Core/Src/cmdHandle.c:121:5:cmd_moveTo	48	static
../Core/Src/cmdHandle.c:152:5:cmd_read	16	static
../Core/Src/cmdHandle.c:157:5:cmd_handler	32	static
../Core/Src/cmdHandle.c:185:6:upEndEffector	8	static
../Core/Src/cmdHandle.c:200:6:downEndEffector	32	static
../Core/Src/cmdHandle.c:212:6:torqueOn	8	static
../Core/Src/cmdHandle.c:215:6:torqueOff	8	static
../Core/Src/cmdHandle.c:219:6:pumpOn	8	static
../Core/Src/cmdHandle.c:223:6:pumpOff	8	static
../Core/Src/cmdHandle.c:227:6:throw	32	static
../Core/Src/cmdHandle.c:238:6:cvbeltTurnRight	8	static
../Core/Src/cmdHandle.c:243:6:cvbeltTurnLeft	8	static
../Core/Src/cmdHandle.c:248:6:cvbeltStop	8	static
../Core/Src/cmdHandle.c:252:6:deltaInit	8	static
