../Core/Src/cmdHandle.c:28:5:_write	24	static
../Core/Src/cmdHandle.c:49:5:cmd_torque	24	static
../Core/Src/cmdHandle.c:66:5:cmd_pump	24	static
../Core/Src/cmdHandle.c:82:5:cmd_conveyorBelt	24	static
../Core/Src/cmdHandle.c:103:5:cmd_pick	24	static
../Core/Src/cmdHandle.c:112:5:cmd_throw	24	static
../Core/Src/cmdHandle.c:127:5:cmd_defaultPos	24	static
../Core/Src/cmdHandle.c:133:5:cmd_moveTo	40	static
../Core/Src/cmdHandle.c:165:5:cmd_wait	32	static
../Core/Src/cmdHandle.c:178:5:cmd_read	24	static
../Core/Src/cmdHandle.c:184:5:cmd_handler	32	static
../Core/Src/cmdHandle.c:212:6:upEndEffector	16	static
../Core/Src/cmdHandle.c:226:6:downEndEffector	16	static
../Core/Src/cmdHandle.c:238:6:torqueOn	8	static
../Core/Src/cmdHandle.c:241:6:torqueOff	8	static
../Core/Src/cmdHandle.c:245:6:pumpOn	8	static
../Core/Src/cmdHandle.c:249:6:pumpOff	8	static
../Core/Src/cmdHandle.c:253:6:cvbeltTurnRight	8	static
../Core/Src/cmdHandle.c:258:6:cvbeltTurnLeft	8	static
../Core/Src/cmdHandle.c:263:6:cvbeltStop	8	static
../Core/Src/cmdHandle.c:268:6:deltaInit	8	static
