../Core/Src/dxl_control.c:34:6:deltaInit	8	static
../Core/Src/dxl_control.c:49:6:servoDelay	16	static
../Core/Src/dxl_control.c:53:6:sendInstPacket	16	static
../Core/Src/dxl_control.c:64:6:setMovingSpeed	56	dynamic
../Core/Src/dxl_control.c:88:6:setGoalPosition	56	dynamic
../Core/Src/dxl_control.c:112:6:syncWriteGoalPosition	72	dynamic
../Core/Src/dxl_control.c:169:10:getPresentPosition	56	dynamic
../Core/Src/dxl_control.c:200:6:onOffTorque	56	dynamic
../Core/Src/dxl_control.c:219:6:syncWriteTorqueOnOff	56	dynamic
../Core/Src/dxl_control.c:248:6:setEndless	88	dynamic
../Core/Src/dxl_control.c:290:6:turn	88	dynamic
../Core/Src/dxl_control.c:341:6:upEndEffector	8	static
../Core/Src/dxl_control.c:350:6:downEndEffector	8	static
